// Jest Snapshot v1, https://goo.gl/fbAQLP

exports[`<OptForm /> renders the <OptForm /> with populated data 1`] = `
<div
  class="opt-form__Container-sc-8oudnm-0 gqfEPM"
>
  <p
    class="opt-form__Text-sc-8oudnm-1 kfkYnQ"
  >
    Ready to watch? Enter your email to create or restart your membership.
  </p>
  <input
    class="opt-form__Input-sc-8oudnm-2 cvnLwc"
    placeholder="Email address"
  />
  <button
    class="opt-form__Button-sc-8oudnm-3 svLI"
  >
    Get Started
     
    <img
      alt="Get Started"
      src="/images/icons/chevron-right.png"
    />
  </button>
  <p
    class="opt-form__Break-sc-8oudnm-4 djYQsd"
  />
</div>
`;
